ivory_data\data\body_nohq.png
ivory_data\data\body_smdi.png
ivory_data\data\common_glass01_diffuse.png
ivory_data\data\metallic.png
ivory_data\police\colon.png
ivory_data\police\commander.png
ivory_data\police\devices.png
ivory_data\police\emerglights-amber.png
ivory_data\police\emerglights-blue.png
ivory_data\police\emerglights-red.png
ivory_data\police\emerglights-white.png
ivory_data\police\emerglights.png
ivory_data\police\emerglights1.png
ivory_data\police\emerglights2.png
ivory_data\police\emerglightsdirec.png
ivory_data\police\emerglights_n.png
ivory_data\police\emerglights_nohq.png
ivory_data\police\glass.png
ivory_data\police\grey2.png
ivory_data\police\liberty_box.png
ivory_data\police\liberty_glass.png
ivory_data\police\liberty_lights.png
ivory_data\police\pic0.png
ivory_data\police\pic1.png
ivory_data\police\pic2.png
ivory_data\police\pic3.png
ivory_data\police\pic4.png
ivory_data\police\pic5.png
ivory_data\police\pic6.png
ivory_data\police\pic7.png
ivory_data\police\pic8.png
ivory_data\police\pic9.png
ivory_data\police\rambar_txt.png
ivory_data\police\spectralux.png
ivory_data\police\green\0.png
ivory_data\police\green\1.png
ivory_data\police\green\2.png
ivory_data\police\green\3.png
ivory_data\police\green\4.png
ivory_data\police\green\5.png
ivory_data\police\green\6.png
ivory_data\police\green\7.png
ivory_data\police\green\8.png
ivory_data\police\green\9.png
ivory_data\police\yellow\0.png
ivory_data\police\yellow\1.png
ivory_data\police\yellow\2.png
ivory_data\police\yellow\3.png
ivory_data\police\yellow\4.png
ivory_data\police\yellow\5.png
ivory_data\police\yellow\6.png
ivory_data\police\yellow\7.png
ivory_data\police\yellow\8.png
ivory_data\police\yellow\9.png
ivory_data\data\taxisign.png
ivory_data\license\0.png
ivory_data\license\1.png
ivory_data\license\2.png
ivory_data\license\3.png
ivory_data\license\4.png
ivory_data\license\5.png
ivory_data\license\6.png
ivory_data\license\7.png
ivory_data\license\8.png
ivory_data\license\9.png
ivory_data\license\a.png
ivory_data\license\b.png
ivory_data\license\c.png
ivory_data\license\d.png
ivory_data\license\e.png
ivory_data\license\f.png
ivory_data\license\g.png
ivory_data\license\h.png
ivory_data\license\i.png
ivory_data\license\j.png
ivory_data\license\k.png
ivory_data\license\l.png
ivory_data\license\license.png
ivory_data\license\m.png
ivory_data\license\n.png
ivory_data\license\o.png
ivory_data\license\p.png
ivory_data\license\q.png
ivory_data\license\r.png
ivory_data\license\s.png
ivory_data\license\t.png
ivory_data\license\u.png
ivory_data\license\v.png
ivory_data\license\w.png
ivory_data\license\x.png
ivory_data\license\y.png
ivory_data\license\z.png
ivory_data\data\common_alcantara01_black_diffuse.png
ivory_data\data\common_alcantara01_blue_diffuse.png
ivory_data\data\common_alcantara01_blue_perforated_diffuse.png
ivory_data\data\common_alcantara01_diffuse.png
ivory_data\data\common_alcantara01_lightgrey_diffuse.png
ivory_data\data\common_alcantara01_lightgrey_stitches_grey.png
ivory_data\data\common_alcantara01_mediumbrown_diffuse.png
ivory_data\data\common_alcantara01_normals.png
ivory_data\data\common_alcantara01_red_diffuse.png
ivory_data\data\common_alcantara01_squares_normals.png
ivory_data\data\common_alcantara01_stitches_normals.png
ivory_data\data\common_alcantara_black_quilted_white_diffuse.png
ivory_data\data\common_alcantara_perforated_normals.png
ivory_data\data\common_alcantara_perforated_specular.png
ivory_data\data\common_alcantara_quilted_normals.png
ivory_data\data\common_alcantara_specular.png
ivory_data\data\common_aluminium01_specular.png
ivory_data\data\common_alu_brushed02_diffuse.png
ivory_data\data\common_black.png
ivory_data\data\common_blank.png
ivory_data\data\common_carbon01_black02_aniso.png
ivory_data\data\common_carbon01_black02_diffuse.png
ivory_data\data\common_carbon01_black02_specular.png
ivory_data\data\common_carbon01_darkgrey01_diffuse.png
ivory_data\data\common_carbon01_white_diffuse.png
ivory_data\data\common_carpet_black01_diffuse.png
ivory_data\data\common_carpet_blue_diffuse.png
ivory_data\data\common_carpet_grey01_diffuse.png
ivory_data\data\common_carpet_normals.png
ivory_data\data\common_carpet_stripey_normals.png
ivory_data\data\common_carpet_stripey_specular.png
ivory_data\data\common_chassis_diffuse.png
ivory_data\data\common_cloth02_black_diffuse.png
ivory_data\data\common_cloth02_darkgrey_diffuse.png
ivory_data\data\common_cloth02_lightgrey_diffuse.png
ivory_data\data\common_cloth02_mediumgrey_diffuse.png
ivory_data\data\common_cloth02_normals.png
ivory_data\data\common_cloth02_ribbed_normals.png
ivory_data\data\common_cloth02_specular.png
ivory_data\data\common_cloth04_mgrey_diffuse.png
ivory_data\data\common_cloth04_normals.png
ivory_data\data\common_cloth_black_diffuse.png
ivory_data\data\common_cloth_black_stitching_black_diffuse.png
ivory_data\data\common_cloth_darkgrey_diffuse.png
ivory_data\data\common_cloth_fishnet01_diffuse.png
ivory_data\data\common_cloth_fishnet01_normals.png
ivory_data\data\common_cloth_fishnet01_specular.png
ivory_data\data\common_cloth_grey_diffuse.png
ivory_data\data\common_cloth_normals.png
ivory_data\data\common_cloth_specular.png
ivory_data\data\common_cloth_stitching_normals.png
ivory_data\data\common_cloth_strap01_diffuse.png
ivory_data\data\common_cloth_strap01_normals.png
ivory_data\data\common_cloth_strap01_specular.png
ivory_data\data\common_dash_plastic01_grey1.png
ivory_data\data\common_dash_plastic01_normals.png
ivory_data\data\common_defroster_diffuse.png
ivory_data\data\common_disk01_diffuse.png
ivory_data\data\common_disk01_diffuse_blur.png
ivory_data\data\common_disk_glow.png
ivory_data\data\common_gauge_glass_diffuse.png
ivory_data\data\common_glass_clear_diffuse.png
ivory_data\data\common_glass_cracks_01_normals.png
ivory_data\data\common_glass_inside_diffuse.png
ivory_data\data\common_glass_smoked_diffuse.png
ivory_data\data\common_grille01_diffuse.png
ivory_data\data\common_grille01_normals.png
ivory_data\data\common_grille01_specular.png
ivory_data\data\common_grille02_diffuse.png
ivory_data\data\common_kitupgrades_diffuse.png
ivory_data\data\common_kitupgrades_specular.png
ivory_data\data\common_leather02_bluegrey_diffuse.png
ivory_data\data\common_leather02_bluegrey_stitching2_bluegrey_diffuse.png
ivory_data\data\common_leather02_darkgrey_diffuse.png
ivory_data\data\common_leather02_darkgrey_stitching2_black_diffuse.png
ivory_data\data\common_leather02_nero_diffuse.png
ivory_data\data\common_leather02_nero_stitches_black_double_diffuse.png
ivory_data\data\common_leather02_nero_stitches_grey_diffuse.png
ivory_data\data\common_leather02_nero_stitches_white_double_diffuse.png
ivory_data\data\common_leather02_nero_stitches_white_double_normals.png
ivory_data\data\common_leather02_nero_stitches_white_v_shape_double_diffuse.png
ivory_data\data\common_leather02_nero_stitches_white_v_shape_double_normals.png
ivory_data\data\common_leather02_nero_stitches_white_v_shape_double_specular.png
ivory_data\data\common_leather02_nero_stitching2_black_diffuse.png
ivory_data\data\common_leather02_nero_stitching2_white_diffuse.png
ivory_data\data\common_leather02_normals.png
ivory_data\data\common_leather02_perforated_black_diffuse.png
ivory_data\data\common_leather02_perforated_normals.png
ivory_data\data\common_leather02_perforated_specular.png
ivory_data\data\common_leather02_specular.png
ivory_data\data\common_leather02_stitches_double_specular.png
ivory_data\data\common_leather02_stitches_normals.png
ivory_data\data\common_leather02_stitching2_normals.png
ivory_data\data\common_leather02_stitching2_specular.png
ivory_data\data\common_leather_carbon_diffuse.png
ivory_data\data\common_lightflares.png
ivory_data\data\common_light_glass_diffuse.png
ivory_data\data\common_light_glass_specular.png
ivory_data\data\common_mediumgrey.png
ivory_data\data\common_mesh2_darkgrey_diffuse.png
ivory_data\data\common_mesh2_diffuse.png
ivory_data\data\common_mesh2_grey_diffuse.png
ivory_data\data\common_mesh2_normals.png
ivory_data\data\common_mesh2_specular.png
ivory_data\data\common_mesh_diffuse.png
ivory_data\data\common_mesh_normals.png
ivory_data\data\common_metalplate01_diffuse.png
ivory_data\data\common_metalplate01_normals.png
ivory_data\data\common_metalplate01_specular.png
ivory_data\data\common_mfd_diffuse.png
ivory_data\data\common_mirror.png
ivory_data\data\common_normal_dummy.png
ivory_data\data\common_paint.png
ivory_data\data\common_paint_cpit_gr_diffuse.png
ivory_data\data\common_paint_cpit_sliver_diffuse.png
ivory_data\data\common_paint_cpit_specular.png
ivory_data\data\common_paint_low_specular.png
ivory_data\data\common_paint_specular.png
ivory_data\data\common_plastic01_black01_diffuse.png
ivory_data\data\common_plastic01_black02_diffuse.png
ivory_data\data\common_plastic01_normals.png
ivory_data\data\common_plastic01_smooth_normals.png
ivory_data\data\common_plastic_dash_dgrey_diffuse.png
ivory_data\data\common_plastic_dash_diffuse.png
ivory_data\data\common_plastic_dash_lgrey_diffuse.png
ivory_data\data\common_plastic_dash_mgrey_diffuse.png
ivory_data\data\common_plastic_dash_normals.png
ivory_data\data\common_plastic_dash_specular.png
ivory_data\data\common_plastic_specular.png
ivory_data\data\common_roof01_normals.png
ivory_data\data\common_sticker_invisible.png
ivory_data\data\common_sticker_specular.png
ivory_data\data\common_tire_diffuse_00.png
ivory_data\data\common_tire_diffuse_01.png
ivory_data\data\common_tire_normals_00.png
ivory_data\data\common_tire_specular_00.png
ivory_data\data\common_tire_specular_01.png
ivory_data\data\common_tread_dust_00_diffuse.png
ivory_data\data\common_tread_stage0_diffuse_00.png
ivory_data\data\common_tread_stage0_diffuse_01.png
ivory_data\data\common_tread_stage0_normals_00.png
ivory_data\data\common_tread_stage0_normals_01.png
ivory_data\data\common_tread_stage0_specular_00.png
ivory_data\data\common_tread_stage0_specular_01.png
ivory_data\data\common_tyre_dust_00_diffuse.png
ivory_data\data\common_vinyl2_black_diffuse.png
ivory_data\data\common_vinyl2_normals.png
ivory_data\data\common_vinyl2_specular.png
ivory_data\data\common_vinyl_darkgrey_diffuse.png
ivory_data\data\common_vinyl_mediumgrey_diffuse.png
ivory_data\data\common_white.png
ivory_data\data\common_wood03_diffuse.png
ivory_data\data\flag.png
ivory_data\data\gauges_autometer_carbonfiber_diffuse.png
ivory_data\data\gauges_autometer_carbonfiber_glow_red.png
ivory_data\data\gauges_autometer_carbonfiber_glow_white.png
ivory_data\data\gauges_autometer_sportcomp_diffuse.png
ivory_data\data\gauges_autometer_sportcomp_glow_red.png
ivory_data\data\gauges_autometer_sportcomp_specular.png
ivory_data\data\gauges_autometer_ultralite_diffuse.png
ivory_data\data\gauges_autometer_ultralite_glow_red.png
ivory_data\data\gauges_autometer_ultralite_specular.png
ivory_data\data\gauges_generic01_diffuse.png
ivory_data\data\gauges_generic01_glow_green.png
ivory_data\data\gauges_generic01_glow_red.png
ivory_data\data\gauges_generic01_glow_white.png
ivory_data\data\gauges_generic02_diffuse.png
ivory_data\data\gauges_generic02_glow_amber.png
ivory_data\data\gauges_generic02_glow_red.png
ivory_data\data\generic01_steeringwheel_diffuse.png
ivory_data\data\generic01_steeringwheel_loda_diffuse.png
ivory_data\data\generic01_steeringwheel_normals.png
ivory_data\data\generic01_steeringwheel_specular.png
ivory_data\data\generic02_steeringwheel_diffuse.png
ivory_data\data\generic02_steeringwheel_normals.png
ivory_data\data\generic02_steeringwheel_specular.png
ivory_data\data\generic04_steeringwheel_diffuse.png
ivory_data\data\generic04_steeringwheel_loda_diffuse.png
ivory_data\data\generic04_steeringwheel_normals.png
ivory_data\data\generic04_steeringwheel_specular.png
ivory_data\data\generic_cockpit_upgrades01_diffuse.png
ivory_data\data\generic_cockpit_upgrades01_loda_diffuse.png
ivory_data\data\generic_cockpit_upgrades01_loda_specular.png
ivory_data\data\generic_cockpit_upgrades02_diffuse.png
ivory_data\data\generic_cockpit_upgrades02_loda_diffuse.png
ivory_data\data\generic_cockpit_upgrades03_diffuse.png
ivory_data\data\generic_cockpit_upgrades03_loda_diffuse.png
ivory_data\data\generic_cockpit_upgrades_specular.png
ivory_data\data\generic_led_diffuse.png
ivory_data\data\generic_led_glow.png
ivory_data\data\generic_steeringwheel_momo_mod07_diffuse.png
ivory_data\data\generic_steeringwheel_momo_mod07_loda_diffuse.png
ivory_data\data\generic_steeringwheel_momo_mod07_normals.png
ivory_data\data\generic_steeringwheel_momo_mod07_specular.png
ivory_data\data\generic_steeringwheel_momo_mod31_diffuse.png
ivory_data\data\generic_steeringwheel_momo_mod31_loda_diffuse.png
ivory_data\data\generic_steeringwheel_momo_mod31_normals.png
ivory_data\data\generic_steeringwheel_momo_mod31_specular.png
ivory_data\data\generic_steeringwheel_momo_mod69_diffuse.png
ivory_data\data\generic_steeringwheel_momo_mod69_loda_diffuse.png
ivory_data\data\generic_steeringwheel_momo_mod78_ldblue_diffuse.png
ivory_data\data\generic_steeringwheel_momo_mod78_ldblue_loda_diffuse.png
ivory_data\data\generic_steeringwheel_momo_mod78_ldred_diffuse.png
ivory_data\data\generic_steeringwheel_momo_mod78_ldred_loda_diffuse.png
ivory_data\data\generic_steeringwheel_momo_mod80_diffuse.png
ivory_data\data\generic_steeringwheel_momo_mod80_loda_diffuse.png
ivory_data\data\generic_steeringwheel_momo_mod80_normals.png
ivory_data\data\generic_steeringwheel_momo_mod80_specular.png
ivory_data\data\generic_steeringwheel_momo_mod88_diffuse.png
ivory_data\data\generic_steeringwheel_momo_mod88_loda_diffuse.png
ivory_data\data\generic_steeringwheel_momo_mod88_normals.png
ivory_data\data\generic_steeringwheel_momo_mod88_specular.png
ivory_data\data\generic_steeringwheel_momo_normals.png
ivory_data\data\generic_steeringwheel_momo_prototipo_diffuse.png
ivory_data\data\generic_steeringwheel_momo_prototipo_loda_diffuse.png
ivory_data\data\generic_steeringwheel_momo_prototipo_normals.png
ivory_data\data\generic_steeringwheel_momo_prototipo_specular.png
ivory_data\data\generic_steeringwheel_momo_specular.png
ivory_data\data\license_blank.png
ivory_data\data\ms_alpr_lenses.png
ivory_data\data\spotlight.png
ivory_data\data\vehicle_generic_detail2.png
ivory_data\data\vehicle_generic_glasswindows2.png
ivory_data\data\wilwood_disk03_diffuse.png
ivory_data\data\wilwood_disk03_diffuse_blur.png
ivory_data\license\license2.png
ivory_data\license\license2_nohq.png
ivory_data\police\interior\advisor.png
ivory_data\police\interior\bct.png
ivory_data\police\interior\bctems.png
ivory_data\police\interior\black.png
ivory_data\police\interior\cencomblack.png
ivory_data\police\interior\cencomblack_emis.png
ivory_data\police\interior\cencomgold.png
ivory_data\police\interior\cencomgold_emis.png
ivory_data\police\interior\cencomsaph.png
ivory_data\police\interior\cencomsaph_emis.png
ivory_data\police\interior\chorme.png
ivory_data\police\interior\citation.png
ivory_data\police\interior\cj_green_p.png
ivory_data\police\interior\cj_laptop.png
ivory_data\police\interior\cj_laptop2.png
ivory_data\police\interior\cj_laptop_n.png
ivory_data\police\interior\cj_orange.png
ivory_data\police\interior\comntemis.png
ivory_data\police\interior\console.png
ivory_data\police\interior\control.png
ivory_data\police\interior\grey.png
ivory_data\police\interior\lamp2.png
ivory_data\police\interior\lampo.png
ivory_data\police\interior\mcs2000.png
ivory_data\police\interior\mcs2000_emis.png
ivory_data\police\interior\normal_map.png
ivory_data\police\interior\whelenbox.png
ivory_data\police\interior\whelenbox_emis.png
ivory_data\police\interior\whelenswitches.png
ivory_data\police\interior\whelenswitches_emis.png
