ivory_gt500\data\body.png
ivory_gt500\data\bodybg.png
ivory_gt500\data\bodygb.png
ivory_gt500\data\bodyrw.png
ivory_gt500\data\bodywb.png
ivory_gt500\data\body_nohq.png
ivory_gt500\data\body_smdi.png
ivory_gt500\data\common_alcantara01_black_diffuse.png
ivory_gt500\data\common_alcantara01_normals.png
ivory_gt500\data\common_alcantara_specular.png
ivory_gt500\data\common_aluminium01_specular.png
ivory_gt500\data\common_alu_brushed02_diffuse.png
ivory_gt500\data\common_black.png
ivory_gt500\data\common_blank.png
ivory_gt500\data\common_carpet_black01_diffuse.png
ivory_gt500\data\common_carpet_grey01_diffuse.png
ivory_gt500\data\common_carpet_normals.png
ivory_gt500\data\common_chassis_diffuse.png
ivory_gt500\data\common_disk01_diffuse.png
ivory_gt500\data\common_disk01_diffuse_blur.png
ivory_gt500\data\common_disk_glow.png
ivory_gt500\data\common_glass01_diffuse.png
ivory_gt500\data\common_glass_clear_diffuse.png
ivory_gt500\data\common_glass_cracks_01_normals.png
ivory_gt500\data\common_glass_inside_diffuse.png
ivory_gt500\data\common_leather02_nero_diffuse.png
ivory_gt500\data\common_leather02_nero_stitches_black_double_diffuse.png
ivory_gt500\data\common_leather02_nero_stitches_white_double_normals.png
ivory_gt500\data\common_leather02_normals.png
ivory_gt500\data\common_leather02_specular.png
ivory_gt500\data\common_leather02_stitches_double_specular.png
ivory_gt500\data\common_lightflares.png
ivory_gt500\data\common_mirror.png
ivory_gt500\data\common_normal_dummy.png
ivory_gt500\data\common_paint.png
ivory_gt500\data\common_paint_cpit_darkgrey_diffuse.png
ivory_gt500\data\common_paint_cpit_specular.png
ivory_gt500\data\common_paint_specular.png
ivory_gt500\data\common_plastic01_black01_diffuse.png
ivory_gt500\data\common_plastic01_normals.png
ivory_gt500\data\common_plastic_specular.png
ivory_gt500\data\common_tire_diffuse_00.png
ivory_gt500\data\common_tire_diffuse_01.png
ivory_gt500\data\common_tire_normals_00.png
ivory_gt500\data\common_tire_specular_00.png
ivory_gt500\data\common_tire_specular_01.png
ivory_gt500\data\common_tread_dust_00_diffuse.png
ivory_gt500\data\common_tread_stage0_diffuse_00.png
ivory_gt500\data\common_tread_stage0_diffuse_01.png
ivory_gt500\data\common_tread_stage0_normals_00.png
ivory_gt500\data\common_tread_stage0_normals_01.png
ivory_gt500\data\common_tread_stage0_specular_00.png
ivory_gt500\data\common_tread_stage0_specular_01.png
ivory_gt500\data\common_tyre_dust_00_diffuse.png
ivory_gt500\data\gauges_autometer_sportcomp_diffuse.png
ivory_gt500\data\gauges_autometer_sportcomp_glow_white.png
ivory_gt500\data\generic07_steeringwheel_normals.png
ivory_gt500\data\generic08_steeringwheel_normals.png
ivory_gt500\data\generic09_steeringwheel_diffuse.png
ivory_gt500\data\generic09_steeringwheel_loda_diffuse.png
ivory_gt500\data\generic09_steeringwheel_specular.png
ivory_gt500\data\generic10_steeringwheel_diffuse.png
ivory_gt500\data\generic10_steeringwheel_loda_diffuse.png
ivory_gt500\data\generic10_steeringwheel_specular.png
ivory_gt500\data\generic_cockpit_upgrades01_diffuse.png
ivory_gt500\data\generic_cockpit_upgrades01_loda_specular.png
ivory_gt500\data\generic_cockpit_upgrades02_loda_diffuse.png
ivory_gt500\data\generic_cockpit_upgrades_specular.png
ivory_gt500\data\map_car_ca.png
ivory_gt500\data\portrait_car_ca.png
ivory_gt500\data\shelby_gt50067_badging_diffuse.png
ivory_gt500\data\shelby_gt50067_badging_normals.png
ivory_gt500\data\shelby_gt50067_badging_specular.png
ivory_gt500\data\shelby_gt50067_cockpit2_diffuse.png
ivory_gt500\data\shelby_gt50067_cockpit2_specular.png
ivory_gt500\data\shelby_gt50067_cockpit_diffuse.png
ivory_gt500\data\shelby_gt50067_cockpit_glow.png
ivory_gt500\data\shelby_gt50067_cockpit_normals.png
ivory_gt500\data\shelby_gt50067_cockpit_specular.png
ivory_gt500\data\shelby_gt50067_engine_diffuse.png
ivory_gt500\data\shelby_gt50067_engine_specular.png
ivory_gt500\data\shelby_gt50067_gauges_diffuse.png
ivory_gt500\data\shelby_gt50067_gauges_glow.png
ivory_gt500\data\shelby_gt50067_interior_diffuse.png
ivory_gt500\data\shelby_gt50067_interior_glow.png
ivory_gt500\data\shelby_gt50067_interior_specular.png
ivory_gt500\data\shelby_gt50067_lightsglass_diffuse.png
ivory_gt500\data\shelby_gt50067_lights_damage.png
ivory_gt500\data\shelby_gt50067_lights_diffuse.png
ivory_gt500\data\shelby_gt50067_lights_glow.png
ivory_gt500\data\shelby_gt50067_lights_specular.png
ivory_gt500\data\shelby_gt50067_misc_diffuse.png
ivory_gt500\data\shelby_gt50067_misc_specular.png
ivory_gt500\data\shelby_gt50067_steeringwheel_diffuse.png
ivory_gt500\data\shelby_gt50067_steeringwheel_specular.png
ivory_gt500\data\shelby_gt50067_wheel_diffuse_00.png
ivory_gt500\data\shelby_gt50067_wheel_diffuse_01.png
ivory_gt500\data\shelby_gt50067_wheel_normals_00.png
ivory_gt500\data\shelby_gt50067_wheel_specular_00.png
ivory_gt500\data\shelby_gt50067_wheel_specular_01.png
ivory_gt500\data\shelby_gt50067_windscreen_diffuse.png
