ivory_elise\data\common_alcantara01_normals.png
ivory_elise\data\common_alcantara01_red_diffuse.png
ivory_elise\data\common_alcantara_specular.png
ivory_elise\data\common_black.png
ivory_elise\data\common_carbon01_black02_aniso.png
ivory_elise\data\common_carbon01_black02_diffuse.png
ivory_elise\data\common_carbon01_black02_specular.png
ivory_elise\data\common_carpet_black01_diffuse.png
ivory_elise\data\common_disk01_diffuse.png
ivory_elise\data\common_disk01_diffuse_blur.png
ivory_elise\data\common_disk_glow.png
ivory_elise\data\common_gauge_glass_diffuse.png
ivory_elise\data\common_glass01_diffuse.png
ivory_elise\data\common_glass_clear_diffuse.png
ivory_elise\data\common_glass_cracks_01_normals.png
ivory_elise\data\common_glass_inside_diffuse.png
ivory_elise\data\common_leather02_nero_diffuse.png
ivory_elise\data\common_leather02_nero_stitching2_white_diffuse.png
ivory_elise\data\common_leather02_normals.png
ivory_elise\data\common_leather02_perforated_black_diffuse.png
ivory_elise\data\common_leather02_perforated_normals.png
ivory_elise\data\common_leather02_perforated_specular.png
ivory_elise\data\common_leather02_specular.png
ivory_elise\data\common_leather02_stitching2_normals.png
ivory_elise\data\common_leather02_stitching2_specular.png
ivory_elise\data\common_lightflares.png
ivory_elise\data\common_mesh2_grey_diffuse.png
ivory_elise\data\common_mesh2_normals.png
ivory_elise\data\common_mesh2_specular.png
ivory_elise\data\common_mfd_diffuse.png
ivory_elise\data\common_mirror.png
ivory_elise\data\common_normal_dummy.png
ivory_elise\data\common_paint.png
ivory_elise\data\common_paint_specular.png
ivory_elise\data\common_plastic01_black02_diffuse.png
ivory_elise\data\common_plastic01_normals.png
ivory_elise\data\common_plastic_specular.png
ivory_elise\data\common_tire_diffuse_00.png
ivory_elise\data\common_tire_normals_00.png
ivory_elise\data\common_tire_specular_01.png
ivory_elise\data\common_tread_dust_00_diffuse.png
ivory_elise\data\common_tread_stage0_diffuse_00.png
ivory_elise\data\common_tread_stage0_diffuse_01.png
ivory_elise\data\common_tread_stage0_normals_00.png
ivory_elise\data\common_tread_stage0_normals_01.png
ivory_elise\data\common_tread_stage0_specular_00.png
ivory_elise\data\common_tread_stage0_specular_01.png
ivory_elise\data\common_tyre_dust_00_diffuse.png
ivory_elise\data\gauges_autometer_ultralite_diffuse.png
ivory_elise\data\gauges_autometer_ultralite_glow_amber.png
ivory_elise\data\generic01_steeringwheel_diffuse.png
ivory_elise\data\generic01_steeringwheel_normals.png
ivory_elise\data\generic01_steeringwheel_specular.png
ivory_elise\data\generic_cockpit_upgrades01_loda_specular.png
ivory_elise\data\generic_cockpit_upgrades03_diffuse.png
ivory_elise\data\generic_cockpit_upgrades03_loda_diffuse.png
ivory_elise\data\generic_cockpit_upgrades_specular.png
ivory_elise\data\generic_led_diffuse.png
ivory_elise\data\generic_led_glow.png
ivory_elise\data\generic_steeringwheel_momo_mod69_loda_diffuse.png
ivory_elise\data\lotus_elise_badging_diffuse.png
ivory_elise\data\lotus_elise_badging_normals.png
ivory_elise\data\lotus_elise_badging_specular.png
ivory_elise\data\lotus_elise_cockpit_diffuse.png
ivory_elise\data\lotus_elise_cockpit_glow.png
ivory_elise\data\lotus_elise_cockpit_normals.png
ivory_elise\data\lotus_elise_cockpit_specular.png
ivory_elise\data\lotus_elise_engine_diffuse.png
ivory_elise\data\lotus_elise_engine_specular.png
ivory_elise\data\lotus_elise_gauges_diffuse.png
ivory_elise\data\lotus_elise_gauges_glow.png
ivory_elise\data\lotus_elise_interior_diffuse.png
ivory_elise\data\lotus_elise_interior_glow.png
ivory_elise\data\lotus_elise_interior_specular.png
ivory_elise\data\lotus_elise_lights_damage.png
ivory_elise\data\lotus_elise_lights_diffuse.png
ivory_elise\data\lotus_elise_lights_glow.png
ivory_elise\data\lotus_elise_lights_specular.png
ivory_elise\data\lotus_elise_misc_diffuse.png
ivory_elise\data\lotus_elise_misc_specular.png
ivory_elise\data\lotus_elise_steeringwheel_diffuse.png
ivory_elise\data\lotus_elise_steeringwheel_normals.png
ivory_elise\data\lotus_elise_steeringwheel_specular.png
ivory_elise\data\lotus_elise_wheel_diffuse_00.png
ivory_elise\data\lotus_elise_wheel_diffuse_01.png
ivory_elise\data\lotus_elise_wheel_normals_00.png
ivory_elise\data\lotus_elise_wheel_specular_00.png
ivory_elise\data\lotus_elise_wheel_specular_01.png
ivory_elise\data\lotus_elise_windscreen_diffuse.png
ivory_elise\data\lotus_elise_windscreen_kit01_diffuse.png
ivory_elise\data\lotus_elise_windscreen_kit02_diffuse.png
ivory_elise\data\lotus_elise_windscreen_kit03_diffuse.png
ivory_190e\data\common_aluminium01_specular.png
ivory_190e\data\common_black.png
ivory_190e\data\common_carpet_black01_diffuse.png
ivory_190e\data\common_carpet_grey01_diffuse.png
ivory_190e\data\common_chassis_diffuse.png
ivory_190e\data\common_cloth02_black_diffuse.png
ivory_190e\data\common_cloth02_normals.png
ivory_190e\data\common_cloth02_specular.png
ivory_190e\data\common_disk01_diffuse.png
ivory_190e\data\common_disk01_diffuse_blur.png
ivory_190e\data\common_disk_glow.png
ivory_190e\data\common_gauge_glass_diffuse.png
ivory_190e\data\common_glass01_diffuse.png
ivory_190e\data\common_glass_cracks_01_normals.png
ivory_190e\data\common_glass_inside_diffuse.png
ivory_190e\data\common_leather02_nero_diffuse.png
ivory_190e\data\common_leather02_normals.png
ivory_190e\data\common_leather02_perforated_black_diffuse.png
ivory_190e\data\common_leather02_perforated_normals.png
ivory_190e\data\common_leather02_perforated_specular.png
ivory_190e\data\common_leather02_specular.png
ivory_190e\data\common_lightflares.png
ivory_190e\data\common_mirror.png
ivory_190e\data\common_normal_dummy.png
ivory_190e\data\common_paint.png
ivory_190e\data\common_paint_cpit_gr_diffuse.png
ivory_190e\data\common_paint_cpit_specular.png
ivory_190e\data\common_paint_specular.png
ivory_190e\data\common_plastic_dash_dgrey_diffuse.png
ivory_190e\data\common_plastic_dash_diffuse.png
ivory_190e\data\common_plastic_dash_normals.png
ivory_190e\data\common_plastic_dash_specular.png
ivory_190e\data\common_tire_diffuse_00.png
ivory_190e\data\common_tire_normals_00.png
ivory_190e\data\common_tire_specular_01.png
ivory_190e\data\common_tread_dust_00_diffuse.png
ivory_190e\data\common_tread_stage0_diffuse_00.png
ivory_190e\data\common_tread_stage0_diffuse_01.png
ivory_190e\data\common_tread_stage0_normals_00.png
ivory_190e\data\common_tread_stage0_normals_01.png
ivory_190e\data\common_tread_stage0_specular_00.png
ivory_190e\data\common_tread_stage0_specular_01.png
ivory_190e\data\common_tyre_dust_00_diffuse.png
ivory_190e\data\common_wood03_diffuse.png
ivory_190e\data\generic_cockpit_upgrades01_loda_specular.png
ivory_190e\data\generic_cockpit_upgrades02_loda_diffuse.png
ivory_190e\data\generic_steeringwheel_momo_mod88_loda_diffuse.png
ivory_190e\data\generic_steeringwheel_momo_prototipo_loda_diffuse.png
ivory_190e\data\map_car_ca.png
ivory_190e\data\merc_evo2_badges_diffuse.png
ivory_190e\data\merc_evo2_badges_normals.png
ivory_190e\data\merc_evo2_badges_specular.png
ivory_190e\data\merc_evo2_cockpit_diffuse.png
ivory_190e\data\merc_evo2_cockpit_glow.png
ivory_190e\data\merc_evo2_cockpit_normals.png
ivory_190e\data\merc_evo2_cockpit_specular.png
ivory_190e\data\merc_evo2_interior_diffuse.png
ivory_190e\data\merc_evo2_interior_glow.png
ivory_190e\data\merc_evo2_interior_specular.png
ivory_190e\data\merc_evo2_lightglass_diffuse.png
ivory_190e\data\merc_evo2_lights_damage.png
ivory_190e\data\merc_evo2_lights_diffuse.png
ivory_190e\data\merc_evo2_lights_glow.png
ivory_190e\data\merc_evo2_lights_specular.png
ivory_190e\data\merc_evo2_misc_diffuse.png
ivory_190e\data\merc_evo2_misc_specular.png
ivory_190e\data\merc_evo2_steeringwheel_diffuse.png
ivory_190e\data\merc_evo2_steeringwheel_normals.png
ivory_190e\data\merc_evo2_steeringwheel_specular.png
ivory_190e\data\merc_evo2_wheel_diffuse_00.png
ivory_190e\data\merc_evo2_wheel_diffuse_01.png
ivory_190e\data\merc_evo2_wheel_normals_00.png
ivory_190e\data\merc_evo2_wheel_specular_00.png
ivory_190e\data\merc_evo2_wheel_specular_01.png
ivory_190e\data\merc_evo2_windscreen_diffuse.png
ivory_190e\data\portrait_car_ca.png
ivory_190e\data\taxi.png
ivory_190e\data\taxisign.png
ivory_190e\data\ivory_190e.png
ivory_mp4\data\map_car_ca.png
ivory_mp4\data\mclaren_mp4-12c_badging_diffuse.png
ivory_mp4\data\mclaren_mp4-12c_badging_normals.png
ivory_mp4\data\mclaren_mp4-12c_badging_specular.png
ivory_mp4\data\mclaren_mp4-12c_cockpit_diffuse.png
ivory_mp4\data\mclaren_mp4-12c_cockpit_glow.png
ivory_mp4\data\mclaren_mp4-12c_cockpit_normals.png
ivory_mp4\data\mclaren_mp4-12c_cockpit_specular.png
ivory_mp4\data\mclaren_mp4-12c_gauges_diffuse.png
ivory_mp4\data\mclaren_mp4-12c_gauges_glow.png
ivory_mp4\data\mclaren_mp4-12c_interior_diffuse.png
ivory_mp4\data\mclaren_mp4-12c_interior_glow.png
ivory_mp4\data\mclaren_mp4-12c_interior_specular.png
ivory_mp4\data\mclaren_mp4-12c_lightsglass_diffuse.png
ivory_mp4\data\mclaren_mp4-12c_lights_diffuse.png
ivory_mp4\data\mclaren_mp4-12c_lights_glow.png
ivory_mp4\data\mclaren_mp4-12c_lights_specular.png
ivory_mp4\data\mclaren_mp4-12c_misc_diffuse.png
ivory_mp4\data\mclaren_mp4-12c_misc_specular.png
ivory_mp4\data\mclaren_mp4-12c_steeringwheel_diffuse.png
ivory_mp4\data\mclaren_mp4-12c_steeringwheel_normals.png
ivory_mp4\data\mclaren_mp4-12c_steeringwheel_specular.png
ivory_mp4\data\mclaren_mp4-12c_wheel_diffuse_00.png
ivory_mp4\data\mclaren_mp4-12c_wheel_diffuse_01.png
ivory_mp4\data\mclaren_mp4-12c_wheel_normals_00.png
ivory_mp4\data\mclaren_mp4-12c_wheel_specular_00.png
ivory_mp4\data\mclaren_mp4-12c_wheel_specular_01.png
ivory_mp4\data\mclaren_mp4-12c_windscreen_diffuse.png
ivory_mp4\data\mclaren_mp4-12c_windscreen_kit04_diffuse.png
ivory_mp4\data\portrait_car_ca.png
