ivory_supra\data\common_alcantara01_black_diffuse.png
ivory_supra\data\common_alcantara01_blue_diffuse.png
ivory_supra\data\common_alcantara01_normals.png
ivory_supra\data\common_alcantara_specular.png
ivory_supra\data\common_black.png
ivory_supra\data\common_carbon01_black02_aniso.png
ivory_supra\data\common_carbon01_black02_diffuse.png
ivory_supra\data\common_carbon01_black02_specular.png
ivory_supra\data\common_carpet_black01_diffuse.png
ivory_supra\data\common_carpet_grey01_diffuse.png
ivory_supra\data\common_chassis_diffuse.png
ivory_supra\data\common_cloth_grey_diffuse.png
ivory_supra\data\common_cloth_normals.png
ivory_supra\data\common_cloth_specular.png
ivory_supra\data\common_disk01_diffuse.png
ivory_supra\data\common_disk01_diffuse_blur.png
ivory_supra\data\common_disk_glow.png
ivory_supra\data\common_gauge_glass_diffuse.png
ivory_supra\data\common_glass01_diffuse.png
ivory_supra\data\common_glass_cracks_01_normals.png
ivory_supra\data\common_glass_inside_diffuse.png
ivory_supra\data\common_leather02_nero_diffuse.png
ivory_supra\data\common_leather02_nero_stitches_grey_diffuse.png
ivory_supra\data\common_leather02_normals.png
ivory_supra\data\common_leather02_specular.png
ivory_supra\data\common_leather02_stitches_normals.png
ivory_supra\data\common_lightflares.png
ivory_supra\data\common_mediumgrey.png
ivory_supra\data\common_mesh2_darkgrey_diffuse.png
ivory_supra\data\common_mesh2_normals.png
ivory_supra\data\common_mesh2_specular.png
ivory_supra\data\common_mesh_diffuse.png
ivory_supra\data\common_mesh_normals.png
ivory_supra\data\common_mfd_diffuse.png
ivory_supra\data\common_mirror.png
ivory_supra\data\common_normal_dummy.png
ivory_supra\data\common_paint.png
ivory_supra\data\common_paint_specular.png
ivory_supra\data\common_plastic_dash_diffuse.png
ivory_supra\data\common_plastic_dash_normals.png
ivory_supra\data\common_plastic_specular.png
ivory_supra\data\common_sticker_invisible.png
ivory_supra\data\common_sticker_specular.png
ivory_supra\data\common_tire_diffuse_00.png
ivory_supra\data\common_tire_normals_00.png
ivory_supra\data\common_tire_specular_01.png
ivory_supra\data\common_tread_dust_00_diffuse.png
ivory_supra\data\common_tread_stage0_diffuse_00.png
ivory_supra\data\common_tread_stage0_diffuse_01.png
ivory_supra\data\common_tread_stage0_normals_00.png
ivory_supra\data\common_tread_stage0_normals_01.png
ivory_supra\data\common_tread_stage0_specular_00.png
ivory_supra\data\common_tread_stage0_specular_01.png
ivory_supra\data\common_tyre_dust_00_diffuse.png
ivory_supra\data\gauges_generic01_diffuse.png
ivory_supra\data\gauges_generic01_glow_green.png
ivory_supra\data\generic01_steeringwheel_diffuse.png
ivory_supra\data\generic01_steeringwheel_loda_diffuse.png
ivory_supra\data\generic01_steeringwheel_normals.png
ivory_supra\data\generic01_steeringwheel_specular.png
ivory_supra\data\generic04_steeringwheel_diffuse.png
ivory_supra\data\generic04_steeringwheel_loda_diffuse.png
ivory_supra\data\generic04_steeringwheel_normals.png
ivory_supra\data\generic04_steeringwheel_specular.png
ivory_supra\data\generic_cockpit_upgrades01_loda_specular.png
ivory_supra\data\generic_cockpit_upgrades03_diffuse.png
ivory_supra\data\generic_cockpit_upgrades03_loda_diffuse.png
ivory_supra\data\generic_cockpit_upgrades_specular.png
ivory_supra\data\generic_steeringwheel_momo_mod88_loda_diffuse.png
ivory_supra\data\toyota_supra_badging_diffuse.png
ivory_supra\data\toyota_supra_badging_normals.png
ivory_supra\data\toyota_supra_badging_specular.png
ivory_supra\data\toyota_supra_cockpit_diffuse.png
ivory_supra\data\toyota_supra_cockpit_glow.png
ivory_supra\data\toyota_supra_cockpit_normals.png
ivory_supra\data\toyota_supra_cockpit_specular.png
ivory_supra\data\toyota_supra_engine_diffuse.png
ivory_supra\data\toyota_supra_engine_specular.png
ivory_supra\data\toyota_supra_gauges_diffuse.png
ivory_supra\data\toyota_supra_gauges_glow.png
ivory_supra\data\toyota_supra_interior_diffuse.png
ivory_supra\data\toyota_supra_interior_glow.png
ivory_supra\data\toyota_supra_interior_specular.png
ivory_supra\data\toyota_supra_lightsglass_diffuse.png
ivory_supra\data\toyota_supra_lights_damage.png
ivory_supra\data\toyota_supra_lights_diffuse.png
ivory_supra\data\toyota_supra_lights_glow.png
ivory_supra\data\toyota_supra_lights_specular.png
ivory_supra\data\toyota_supra_livery01_hr.png
ivory_supra\data\toyota_supra_livery02_hr.png
ivory_supra\data\toyota_supra_livery03_hr.png
ivory_supra\data\toyota_supra_livery04_hr.png
ivory_supra\data\toyota_supra_livery05.png
ivory_supra\data\toyota_supra_livery05_hr.png
ivory_supra\data\toyota_supra_livery06.png
ivory_supra\data\toyota_supra_livery06_hr.png
ivory_supra\data\toyota_supra_livery07.png
ivory_supra\data\toyota_supra_livery07_hr.png
ivory_supra\data\toyota_supra_livery08.png
ivory_supra\data\toyota_supra_livery08_hr.png
ivory_supra\data\toyota_supra_livery09.png
ivory_supra\data\toyota_supra_livery09_hr.png
ivory_supra\data\toyota_supra_livery10.png
ivory_supra\data\toyota_supra_livery10_hr.png
ivory_supra\data\toyota_supra_livery11.png
ivory_supra\data\toyota_supra_livery11_hr.png
ivory_supra\data\toyota_supra_livery12.png
ivory_supra\data\toyota_supra_livery12_hr.png
ivory_supra\data\toyota_supra_livery13.png
ivory_supra\data\toyota_supra_livery13_hr.png
ivory_supra\data\toyota_supra_livery14.png
ivory_supra\data\toyota_supra_livery14_hr.png
ivory_supra\data\toyota_supra_misc_diffuse.png
ivory_supra\data\toyota_supra_misc_specular.png
ivory_supra\data\toyota_supra_steeringwheel_diffuse.png
ivory_supra\data\toyota_supra_steeringwheel_normals.png
ivory_supra\data\toyota_supra_steeringwheel_specular.png
ivory_supra\data\toyota_supra_wheel_diffuse_00.png
ivory_supra\data\toyota_supra_wheel_diffuse_01.png
ivory_supra\data\toyota_supra_wheel_normals_00.png
ivory_supra\data\toyota_supra_wheel_specular_00.png
ivory_supra\data\toyota_supra_wheel_specular_01.png
ivory_supra\data\toyota_supra_windscreen_diffuse.png
ivory_supra\data\toyota_supra_windscreen_kit04_diffuse.png
