ivory_c\data\bentley_con_badging_diffuse.png
ivory_c\data\bentley_con_badging_normals.png
ivory_c\data\bentley_con_badging_specular.png
ivory_c\data\bentley_con_cockpit_diffuse.png
ivory_c\data\bentley_con_cockpit_glow.png
ivory_c\data\bentley_con_cockpit_normals.png
ivory_c\data\bentley_con_cockpit_specular.png
ivory_c\data\bentley_con_interior_diffuse.png
ivory_c\data\bentley_con_interior_glow.png
ivory_c\data\bentley_con_interior_specular.png
ivory_c\data\bentley_con_lightglass_diffuse.png
ivory_c\data\bentley_con_lightglass_specular.png
ivory_c\data\bentley_con_lights_damage.png
ivory_c\data\bentley_con_lights_diffuse.png
ivory_c\data\bentley_con_lights_glow.png
ivory_c\data\bentley_con_lights_specular.png
ivory_c\data\bentley_con_livery01.png
ivory_c\data\bentley_con_livery02.png
ivory_c\data\bentley_con_livery03.png
ivory_c\data\bentley_con_livery04.png
ivory_c\data\bentley_con_misc_diffuse.png
ivory_c\data\bentley_con_misc_specular.png
ivory_c\data\bentley_con_steeringwheel_diffuse.png
ivory_c\data\bentley_con_steeringwheel_glow.png
ivory_c\data\bentley_con_steeringwheel_normals.png
ivory_c\data\bentley_con_steeringwheel_specular.png
ivory_c\data\bentley_con_wheel_diff_00.png
ivory_c\data\bentley_con_wheel_diff_01.png
ivory_c\data\bentley_con_wheel_norm_00.png
ivory_c\data\bentley_con_wheel_spec_00.png
ivory_c\data\bentley_con_wheel_spec_01.png
ivory_c\data\bentley_con_windscreen_diffuse.png
ivory_c\data\bentley_con_windscreen_kit03_diffuse.png
ivory_c\data\bentley_con_windscreen_kit04_diffuse.png
ivory_c\data\body.png
ivory_c\data\body_nohq.png
ivory_c\data\body_smdi.png
ivory_c\data\camo.png
ivory_c\data\common_alcantara01_black_diffuse.png
ivory_c\data\common_alcantara01_normals.png
ivory_c\data\common_alcantara_black_quilted_white_diffuse.png
ivory_c\data\common_alcantara_quilted_normals.png
ivory_c\data\common_alcantara_specular.png
ivory_c\data\common_black.png
ivory_c\data\common_blank.png
ivory_c\data\common_carbon01_black02_aniso.png
ivory_c\data\common_carbon01_black02_diffuse.png
ivory_c\data\common_carbon01_black02_specular.png
ivory_c\data\common_carpet_black01_diffuse.png
ivory_c\data\common_carpet_grey01_diffuse.png
ivory_c\data\common_chassis_diffuse.png
ivory_c\data\common_cloth_fishnet01_diffuse.png
ivory_c\data\common_cloth_fishnet01_normals.png
ivory_c\data\common_cloth_fishnet01_specular.png
ivory_c\data\common_cloth_strap01_diffuse.png
ivory_c\data\common_cloth_strap01_normals.png
ivory_c\data\common_cloth_strap01_specular.png
ivory_c\data\common_disk_glow.png
ivory_c\data\common_gauge_glass_diffuse.png
ivory_c\data\common_glass_clear_diffuse.png
ivory_c\data\common_glass_cracks_01_normals.png
ivory_c\data\common_glass_inside_diffuse.png
ivory_c\data\common_leather02_nero_diffuse.png
ivory_c\data\common_leather02_nero_stitching2_white_diffuse.png
ivory_c\data\common_leather02_normals.png
ivory_c\data\common_leather02_specular.png
ivory_c\data\common_leather02_stitching2_normals.png
ivory_c\data\common_leather02_stitching2_specular.png
ivory_c\data\common_lightflares.png
ivory_c\data\common_mesh2_diffuse.png
ivory_c\data\common_mesh2_normals.png
ivory_c\data\common_mesh2_specular.png
ivory_c\data\common_mfd_diffuse.png
ivory_c\data\common_mirror.png
ivory_c\data\common_normal_dummy.png
ivory_c\data\common_paint.png
ivory_c\data\common_paint_specular.png
ivory_c\data\common_plastic_specular.png
ivory_c\data\common_tire_diffuse_00.png
ivory_c\data\common_tire_normals_00.png
ivory_c\data\common_tire_specular_01.png
ivory_c\data\common_tread_dust_00_diffuse.png
ivory_c\data\common_tread_stage0_diffuse_00.png
ivory_c\data\common_tread_stage0_diffuse_01.png
ivory_c\data\common_tread_stage0_normals_00.png
ivory_c\data\common_tread_stage0_normals_01.png
ivory_c\data\common_tread_stage0_specular_00.png
ivory_c\data\common_tread_stage0_specular_01.png
ivory_c\data\common_tyre_dust_00_diffuse.png
ivory_c\data\emerglights.png
ivory_c\data\emerglights_n.png
ivory_c\data\emerglights_nohq.png
ivory_c\data\gauges_autometer_ultralite_diffuse.png
ivory_c\data\gauges_generic01_diffuse.png
ivory_c\data\gauges_generic01_glow_white.png
ivory_c\data\gee.png
ivory_c\data\gee_ca.png
ivory_c\data\generic01_steeringwheel_diffuse.png
ivory_c\data\generic01_steeringwheel_normals.png
ivory_c\data\generic01_steeringwheel_specular.png
ivory_c\data\generic_cockpit_upgrades01_diffuse.png
ivory_c\data\generic_cockpit_upgrades01_loda_specular.png
ivory_c\data\generic_cockpit_upgrades02_loda_diffuse.png
ivory_c\data\generic_cockpit_upgrades_specular.png
ivory_c\data\generic_led_diffuse.png
ivory_c\data\generic_led_glow.png
ivory_c\data\generic_steeringwheel_momo_mod07_diffuse.png
ivory_c\data\generic_steeringwheel_momo_mod07_loda_diffuse.png
ivory_c\data\generic_steeringwheel_momo_mod07_normals.png
ivory_c\data\generic_steeringwheel_momo_mod07_specular.png
ivory_c\data\generic_steeringwheel_momo_mod88_loda_diffuse.png
ivory_c\data\goldee.png
ivory_c\data\map_car_ca.png
ivory_c\data\portrait_car_ca.png
ivory_c\data\race.png
ivory_c\data\rpd.png
ivory_c\data\velvet.png
ivory_c\data\wilwood_disk03_diffuse.png
ivory_c\data\wilwood_disk03_diffuse_blur.png
