ivory_veyron\data\bugatti_veyron_badges_diffuse.png
ivory_veyron\data\bugatti_veyron_badges_normals.png
ivory_veyron\data\bugatti_veyron_badges_specular.png
ivory_veyron\data\bugatti_veyron_cockpit_diffuse.png
ivory_veyron\data\bugatti_veyron_cockpit_glow.png
ivory_veyron\data\bugatti_veyron_cockpit_normals.png
ivory_veyron\data\bugatti_veyron_cockpit_specular.png
ivory_veyron\data\bugatti_veyron_gauges_diffuse.png
ivory_veyron\data\bugatti_veyron_gauges_glow.png
ivory_veyron\data\bugatti_veyron_interior_diffuse.png
ivory_veyron\data\bugatti_veyron_interior_glow.png
ivory_veyron\data\bugatti_veyron_interior_specular.png
ivory_veyron\data\bugatti_veyron_lights_damage.png
ivory_veyron\data\bugatti_veyron_lights_diffuse.png
ivory_veyron\data\bugatti_veyron_lights_glow.png
ivory_veyron\data\bugatti_veyron_lights_specular.png
ivory_veyron\data\bugatti_veyron_misc_diffuse.png
ivory_veyron\data\bugatti_veyron_misc_specular.png
ivory_veyron\data\bugatti_veyron_paint_black_diffuse.png
ivory_veyron\data\bugatti_veyron_wheel_diffuse_00.png
ivory_veyron\data\bugatti_veyron_wheel_diffuse_01.png
ivory_veyron\data\bugatti_veyron_wheel_normals_00.png
ivory_veyron\data\bugatti_veyron_wheel_specular_00.png
ivory_veyron\data\bugatti_veyron_wheel_specular_01.png
ivory_veyron\data\bugatti_veyron_windscreen_diffuse.png
ivory_veyron\data\bugatti_veyron_windscreen_kit04_diffuse.png
ivory_veyron\data\map_car_ca.png
ivory_veyron\data\portrait_car_ca.png
