ivory_m3\data\body.tga
ivory_m3\data\bmw_m3_e92_badges_diffuse.png
ivory_m3\data\bmw_m3_e92_badges_normals.png
ivory_m3\data\bmw_m3_e92_badges_specular.png
ivory_m3\data\bmw_m3_e92_cockpit_diffuse.png
ivory_m3\data\bmw_m3_e92_cockpit_glow.png
ivory_m3\data\bmw_m3_e92_cockpit_normals.png
ivory_m3\data\bmw_m3_e92_cockpit_specular.png
ivory_m3\data\bmw_m3_e92_engine_diffuse.png
ivory_m3\data\bmw_m3_e92_engine_specular.png
ivory_m3\data\bmw_m3_e92_gauges_diffuse.png
ivory_m3\data\bmw_m3_e92_gauges_glow.png
ivory_m3\data\bmw_m3_e92_interior_diffuse.png
ivory_m3\data\bmw_m3_e92_interior_glow.png
ivory_m3\data\bmw_m3_e92_interior_specular.png
ivory_m3\data\bmw_m3_e92_lights_damage.png
ivory_m3\data\bmw_m3_e92_lights_diffuse.png
ivory_m3\data\bmw_m3_e92_lights_glow.png
ivory_m3\data\bmw_m3_e92_lights_specular.png
ivory_m3\data\bmw_m3_e92_livery01.png
ivory_m3\data\bmw_m3_e92_livery01_hr.png
ivory_m3\data\bmw_m3_e92_livery02.png
ivory_m3\data\bmw_m3_e92_livery02_hr.png
ivory_m3\data\bmw_m3_e92_livery03.png
ivory_m3\data\bmw_m3_e92_livery03_hr.png
ivory_m3\data\bmw_m3_e92_livery04.png
ivory_m3\data\bmw_m3_e92_livery04_hr.png
ivory_m3\data\bmw_m3_e92_misc_diffuse.png
ivory_m3\data\bmw_m3_e92_misc_specular.png
ivory_m3\data\bmw_m3_e92_steeringwheel_diffuse.png
ivory_m3\data\bmw_m3_e92_steeringwheel_glow.png
ivory_m3\data\bmw_m3_e92_steeringwheel_normals.png
ivory_m3\data\bmw_m3_e92_steeringwheel_specular.png
ivory_m3\data\bmw_m3_e92_wheel_diffuse_00.png
ivory_m3\data\bmw_m3_e92_wheel_diffuse_01.png
ivory_m3\data\bmw_m3_e92_wheel_normals_00.png
ivory_m3\data\bmw_m3_e92_wheel_specular_00.png
ivory_m3\data\bmw_m3_e92_wheel_specular_01.png
ivory_m3\data\bmw_m3_e92_windscreen_diffuse.png
ivory_m3\data\bmw_m3_e92_windscreen_kit03_diffuse.png
ivory_m3\data\bmw_m3_e92_windscreen_kit04_diffuse.png
ivory_m3\data\c9.png
ivory_m3\data\candyred.png
ivory_m3\data\common_alcantara01_black_diffuse.png
ivory_m3\data\common_alcantara01_lightgrey_diffuse.png
ivory_m3\data\common_alcantara01_lightgrey_stitches_grey.png
ivory_m3\data\common_alcantara01_normals.png
ivory_m3\data\common_alcantara01_stitches_normals.png
ivory_m3\data\common_alcantara_specular.png
ivory_m3\data\common_black.png
ivory_m3\data\common_carbon01_black02_aniso.png
ivory_m3\data\common_carbon01_black02_diffuse.png
ivory_m3\data\common_carbon01_black02_specular.png
ivory_m3\data\common_carpet_black01_diffuse.png
ivory_m3\data\common_carpet_grey01_diffuse.png
ivory_m3\data\common_chassis_diffuse.png
ivory_m3\data\common_cloth_darkgrey_diffuse.png
ivory_m3\data\common_cloth_normals.png
ivory_m3\data\common_cloth_specular.png
ivory_m3\data\common_defroster_diffuse.png
ivory_m3\data\common_disk01_diffuse.png
ivory_m3\data\common_disk01_diffuse_blur.png
ivory_m3\data\common_disk_glow.png
ivory_m3\data\common_glass01_diffuse.png
ivory_m3\data\common_glass_clear_diffuse.png
ivory_m3\data\common_glass_cracks_01_normals.png
ivory_m3\data\common_glass_inside_diffuse.png
ivory_m3\data\common_grille01_diffuse.png
ivory_m3\data\common_grille01_specular.png
ivory_m3\data\common_leather02_bluegrey_diffuse.png
ivory_m3\data\common_leather02_bluegrey_stitching2_bluegrey_diffuse.png
ivory_m3\data\common_leather02_nero_diffuse.png
ivory_m3\data\common_leather02_nero_stitching2_black_diffuse.png
ivory_m3\data\common_leather02_normals.png
ivory_m3\data\common_leather02_specular.png
ivory_m3\data\common_leather02_stitching2_normals.png
ivory_m3\data\common_leather02_stitching2_specular.png
ivory_m3\data\common_leather_carbon_diffuse.png
ivory_m3\data\common_lightflares.png
ivory_m3\data\common_light_glass_diffuse.png
ivory_m3\data\common_light_glass_specular.png
ivory_m3\data\common_mediumgrey.png
ivory_m3\data\common_mesh2_diffuse.png
ivory_m3\data\common_mesh2_normals.png
ivory_m3\data\common_mesh2_specular.png
ivory_m3\data\common_metalplate01_diffuse.png
ivory_m3\data\common_metalplate01_normals.png
ivory_m3\data\common_metalplate01_specular.png
ivory_m3\data\common_mfd_diffuse.png
ivory_m3\data\common_mirror.png
ivory_m3\data\common_normal_dummy.png
ivory_m3\data\common_paint.png
ivory_m3\data\common_paint_specular.png
ivory_m3\data\common_plastic_dash_diffuse.png
ivory_m3\data\common_plastic_dash_normals.png
ivory_m3\data\common_plastic_specular.png
ivory_m3\data\common_tire_diffuse_00.png
ivory_m3\data\common_tire_normals_00.png
ivory_m3\data\common_tire_specular_01.png
ivory_m3\data\common_tread_dust_00_diffuse.png
ivory_m3\data\common_tread_stage0_diffuse_00.png
ivory_m3\data\common_tread_stage0_diffuse_01.png
ivory_m3\data\common_tread_stage0_normals_00.png
ivory_m3\data\common_tread_stage0_normals_01.png
ivory_m3\data\common_tread_stage0_specular_00.png
ivory_m3\data\common_tread_stage0_specular_01.png
ivory_m3\data\common_tyre_dust_00_diffuse.png
ivory_m3\data\crispyblue.png
ivory_m3\data\deluxeblue.png
ivory_m3\data\gauges_autometer_ultralite_diffuse.png
ivory_m3\data\gauges_autometer_ultralite_glow_red.png
ivory_m3\data\gauges_autometer_ultralite_specular.png
ivory_m3\data\generic02_steeringwheel_diffuse.png
ivory_m3\data\generic02_steeringwheel_normals.png
ivory_m3\data\generic02_steeringwheel_specular.png
ivory_m3\data\generic_cockpit_upgrades01_diffuse.png
ivory_m3\data\generic_cockpit_upgrades01_loda_diffuse.png
ivory_m3\data\generic_cockpit_upgrades01_loda_specular.png
ivory_m3\data\generic_cockpit_upgrades_specular.png
ivory_m3\data\generic_steeringwheel_momo_mod69_diffuse.png
ivory_m3\data\generic_steeringwheel_momo_mod69_loda_diffuse.png
ivory_m3\data\generic_steeringwheel_momo_mod80_loda_diffuse.png
ivory_m3\data\generic_steeringwheel_momo_mod88_diffuse.png
ivory_m3\data\generic_steeringwheel_momo_mod88_normals.png
ivory_m3\data\generic_steeringwheel_momo_mod88_specular.png
ivory_m3\data\generic_steeringwheel_momo_normals.png
ivory_m3\data\generic_steeringwheel_momo_specular.png
ivory_m3\data\icywhite.png
ivory_m3\data\kitblack.png
ivory_m3\data\map_car_ca.png
ivory_m3\data\portrait_car_ca.png
ivory_m3\data\sert_patrol.png
ivory_m3\data\sert_supervisor.png
ivory_m3\data\so_patrol.png
ivory_m3\data\so_supervisor.png
ivory_m3\data\special.png
ivory_m3\data\st_patrol.png
ivory_m3\data\st_supervisor.png
ivory_evox\data\common_alcantara01_black_diffuse.png
ivory_evox\data\common_alcantara01_blue_diffuse.png
ivory_evox\data\common_alcantara01_normals.png
ivory_evox\data\common_alcantara01_squares_normals.png
ivory_evox\data\common_alcantara_specular.png
ivory_evox\data\common_black.png
ivory_evox\data\common_carbon01_black02_aniso.png
ivory_evox\data\common_carbon01_black02_diffuse.png
ivory_evox\data\common_carbon01_black02_specular.png
ivory_evox\data\common_carpet_black01_diffuse.png
ivory_evox\data\common_carpet_grey01_diffuse.png
ivory_evox\data\common_chassis_diffuse.png
ivory_evox\data\common_cloth02_lightgrey_diffuse.png
ivory_evox\data\common_cloth02_specular.png
ivory_evox\data\common_cloth_normals.png
ivory_evox\data\common_disk01_diffuse.png
ivory_evox\data\common_disk01_diffuse_blur.png
ivory_evox\data\common_disk_glow.png
ivory_evox\data\common_gauge_glass_diffuse.png
ivory_evox\data\common_glass01_diffuse.png
ivory_evox\data\common_glass_cracks_01_normals.png
ivory_evox\data\common_glass_inside_diffuse.png
ivory_evox\data\common_grille01_diffuse.png
ivory_evox\data\common_grille01_normals.png
ivory_evox\data\common_grille01_specular.png
ivory_evox\data\common_leather02_nero_diffuse.png
ivory_evox\data\common_leather02_nero_stitches_white_double_diffuse.png
ivory_evox\data\common_leather02_nero_stitches_white_double_normals.png
ivory_evox\data\common_leather02_nero_stitches_white_v_shape_double_diffuse.png
ivory_evox\data\common_leather02_nero_stitches_white_v_shape_double_normals.png
ivory_evox\data\common_leather02_nero_stitches_white_v_shape_double_specular.png
ivory_evox\data\common_leather02_normals.png
ivory_evox\data\common_leather02_specular.png
ivory_evox\data\common_leather02_stitches_double_specular.png
ivory_evox\data\common_lightflares.png
ivory_evox\data\common_mesh2_diffuse.png
ivory_evox\data\common_mesh2_normals.png
ivory_evox\data\common_mesh2_specular.png
ivory_evox\data\common_mfd_diffuse.png
ivory_evox\data\common_mirror.png
ivory_evox\data\common_normal_dummy.png
ivory_evox\data\common_paint.png
ivory_evox\data\common_paint_specular.png
ivory_evox\data\common_plastic01_black01_diffuse.png
ivory_evox\data\common_plastic01_black02_diffuse.png
ivory_evox\data\common_plastic01_normals.png
ivory_evox\data\common_plastic01_smooth_normals.png
ivory_evox\data\common_plastic_specular.png
ivory_evox\data\common_tire_diffuse_00.png
ivory_evox\data\common_tire_normals_00.png
ivory_evox\data\common_tire_specular_01.png
ivory_evox\data\common_tread_dust_00_diffuse.png
ivory_evox\data\common_tread_stage0_diffuse_00.png
ivory_evox\data\common_tread_stage0_diffuse_01.png
ivory_evox\data\common_tread_stage0_normals_00.png
ivory_evox\data\common_tread_stage0_normals_01.png
ivory_evox\data\common_tread_stage0_specular_00.png
ivory_evox\data\common_tread_stage0_specular_01.png
ivory_evox\data\common_tyre_dust_00_diffuse.png
ivory_evox\data\gauges_autometer_sportcomp_diffuse.png
ivory_evox\data\gauges_autometer_sportcomp_glow_red.png
ivory_evox\data\gauges_generic01_diffuse.png
ivory_evox\data\gauges_generic01_glow_red.png
ivory_evox\data\generic01_steeringwheel_diffuse.png
ivory_evox\data\generic01_steeringwheel_normals.png
ivory_evox\data\generic01_steeringwheel_specular.png
ivory_evox\data\generic_cockpit_upgrades01_loda_specular.png
ivory_evox\data\generic_cockpit_upgrades03_diffuse.png
ivory_evox\data\generic_cockpit_upgrades03_loda_diffuse.png
ivory_evox\data\generic_cockpit_upgrades_specular.png
ivory_evox\data\generic_steeringwheel_momo_mod31_diffuse.png
ivory_evox\data\generic_steeringwheel_momo_mod31_loda_diffuse.png
ivory_evox\data\generic_steeringwheel_momo_mod31_normals.png
ivory_evox\data\generic_steeringwheel_momo_mod31_specular.png
ivory_evox\data\generic_steeringwheel_momo_mod69_loda_diffuse.png
ivory_evox\data\generic_steeringwheel_momo_mod88_loda_diffuse.png
ivory_evox\data\mitsubishi_evox_badging_diffuse.png
ivory_evox\data\mitsubishi_evox_badging_normals.png
ivory_evox\data\mitsubishi_evox_badging_specular.png
ivory_evox\data\mitsubishi_evox_cockpit_diffuse.png
ivory_evox\data\mitsubishi_evox_cockpit_glow.png
ivory_evox\data\mitsubishi_evox_cockpit_normals.png
ivory_evox\data\mitsubishi_evox_cockpit_specular.png
ivory_evox\data\mitsubishi_evox_engine_diffuse.png
ivory_evox\data\mitsubishi_evox_engine_specular.png
ivory_evox\data\mitsubishi_evox_gauges_diffuse.png
ivory_evox\data\mitsubishi_evox_gauges_glow.png
ivory_evox\data\mitsubishi_evox_interior_diffuse.png
ivory_evox\data\mitsubishi_evox_interior_glow.png
ivory_evox\data\mitsubishi_evox_interior_specular.png
ivory_evox\data\mitsubishi_evox_lightsglass_diffuse.png
ivory_evox\data\mitsubishi_evox_lightsglass_specular.png
ivory_evox\data\mitsubishi_evox_lights_damage.png
ivory_evox\data\mitsubishi_evox_lights_diffuse.png
ivory_evox\data\mitsubishi_evox_lights_glow.png
ivory_evox\data\mitsubishi_evox_lights_specular.png
ivory_evox\data\mitsubishi_evox_livery01.png
ivory_evox\data\mitsubishi_evox_livery01_hr.png
ivory_evox\data\mitsubishi_evox_livery02.png
ivory_evox\data\mitsubishi_evox_livery02_hr.png
ivory_evox\data\mitsubishi_evox_livery03.png
ivory_evox\data\mitsubishi_evox_livery03_hr.png
ivory_evox\data\mitsubishi_evox_livery04.png
ivory_evox\data\mitsubishi_evox_livery04_hr.png
ivory_evox\data\mitsubishi_evox_misc_diffuse.png
ivory_evox\data\mitsubishi_evox_misc_specular.png
ivory_evox\data\mitsubishi_evox_steeringwheel_diffuse.png
ivory_evox\data\mitsubishi_evox_steeringwheel_glow.png
ivory_evox\data\mitsubishi_evox_steeringwheel_normals.png
ivory_evox\data\mitsubishi_evox_steeringwheel_specular.png
ivory_evox\data\mitsubishi_evox_wheel_diffuse_00.png
ivory_evox\data\mitsubishi_evox_wheel_diffuse_01.png
ivory_evox\data\mitsubishi_evox_wheel_normals_00.png
ivory_evox\data\mitsubishi_evox_wheel_specular_00.png
ivory_evox\data\mitsubishi_evox_wheel_specular_01.png
ivory_evox\data\mitsubishi_evox_windscreen_diffuse.png
ivory_evox\data\mitsubishi_evox_windscreen_kit02_diffuse.png
ivory_evox\data\mitsubishi_evox_windscreen_kit04_diffuse.png
ivory_evox\data\brightlime.png
ivory_evox\data\cleanwhite.png
ivory_evox\data\co_patrol.png
ivory_evox\data\co_supervisor.png
ivory_evox\data\ems_red.png
ivory_evox\data\ems_white.png
ivory_evox\data\ems_yellow.png
ivory_evox\data\forsakenteal.png
ivory_evox\data\map_car_ca.png
ivory_evox\data\portrait_car_ca.png
ivory_evox\data\reckfulred.png
ivory_evox\data\sert_patrol.png
ivory_evox\data\sert_supervisor.png
ivory_evox\data\so_patrol.png
ivory_evox\data\so_supervisor.png
ivory_evox\data\st_patrol.png
ivory_evox\data\st_supervisor.png
