ivory_r34\data\common_alcantara01_black_diffuse.png
ivory_r34\data\common_alcantara01_normals.png
ivory_r34\data\common_alcantara_specular.png
ivory_r34\data\common_aluminium01_specular.png
ivory_r34\data\common_alu_brushed02_diffuse.png
ivory_r34\data\common_black.png
ivory_r34\data\common_carbon01_black02_aniso.png
ivory_r34\data\common_carbon01_black02_diffuse.png
ivory_r34\data\common_carbon01_black02_specular.png
ivory_r34\data\common_carpet_black01_diffuse.png
ivory_r34\data\common_carpet_grey01_diffuse.png
ivory_r34\data\common_chassis_diffuse.png
ivory_r34\data\common_cloth02_lightgrey_diffuse.png
ivory_r34\data\common_cloth02_normals.png
ivory_r34\data\common_cloth02_specular.png
ivory_r34\data\common_cloth04_mgrey_diffuse.png
ivory_r34\data\common_cloth04_normals.png
ivory_r34\data\common_disk01_diffuse.png
ivory_r34\data\common_disk01_diffuse_blur.png
ivory_r34\data\common_disk_glow.png
ivory_r34\data\common_gauge_glass_diffuse.png
ivory_r34\data\common_glass01_diffuse.png
ivory_r34\data\common_glass_clear_diffuse.png
ivory_r34\data\common_glass_cracks_01_normals.png
ivory_r34\data\common_glass_inside_diffuse.png
ivory_r34\data\common_glass_smoked_diffuse.png
ivory_r34\data\common_kitupgrades_diffuse.png
ivory_r34\data\common_kitupgrades_specular.png
ivory_r34\data\common_leather02_nero_diffuse.png
ivory_r34\data\common_leather02_normals.png
ivory_r34\data\common_leather02_specular.png
ivory_r34\data\common_lightflares.png
ivory_r34\data\common_mesh2_darkgrey_diffuse.png
ivory_r34\data\common_mesh2_normals.png
ivory_r34\data\common_mesh2_specular.png
ivory_r34\data\common_mfd_diffuse.png
ivory_r34\data\common_mirror.png
ivory_r34\data\common_normal_dummy.png
ivory_r34\data\common_paint.png
ivory_r34\data\common_paint_cpit_sliver_diffuse.png
ivory_r34\data\common_paint_low_specular.png
ivory_r34\data\common_paint_specular.png
ivory_r34\data\common_plastic01_black01_diffuse.png
ivory_r34\data\common_plastic_specular.png
ivory_r34\data\common_tire_diffuse_00.png
ivory_r34\data\common_tire_diffuse_01.png
ivory_r34\data\common_tire_normals_00.png
ivory_r34\data\common_tire_specular_00.png
ivory_r34\data\common_tire_specular_01.png
ivory_r34\data\common_tread_dust_00_diffuse.png
ivory_r34\data\common_tread_stage0_diffuse_00.png
ivory_r34\data\common_tread_stage0_diffuse_01.png
ivory_r34\data\common_tread_stage0_normals_00.png
ivory_r34\data\common_tread_stage0_normals_01.png
ivory_r34\data\common_tread_stage0_specular_00.png
ivory_r34\data\common_tread_stage0_specular_01.png
ivory_r34\data\common_tyre_dust_00_diffuse.png
ivory_r34\data\common_vinyl2_black_diffuse.png
ivory_r34\data\common_vinyl2_normals.png
ivory_r34\data\common_vinyl2_specular.png
ivory_r34\data\common_white.png
ivory_r34\data\ff.png
ivory_r34\data\gauges_generic02_diffuse.png
ivory_r34\data\gauges_generic02_glow_amber.png
ivory_r34\data\generic01_steeringwheel_diffuse.png
ivory_r34\data\generic01_steeringwheel_normals.png
ivory_r34\data\generic01_steeringwheel_specular.png
ivory_r34\data\generic_cockpit_upgrades01_diffuse.png
ivory_r34\data\generic_cockpit_upgrades01_loda_specular.png
ivory_r34\data\generic_cockpit_upgrades02_loda_diffuse.png
ivory_r34\data\generic_cockpit_upgrades_specular.png
ivory_r34\data\generic_steeringwheel_momo_mod88_diffuse.png
ivory_r34\data\generic_steeringwheel_momo_mod88_loda_diffuse.png
ivory_r34\data\generic_steeringwheel_momo_mod88_normals.png
ivory_r34\data\generic_steeringwheel_momo_mod88_specular.png
ivory_r34\data\map_car_ca.png
ivory_r34\data\nissan_skyline_r34_badging_diffuse.png
ivory_r34\data\nissan_skyline_r34_badging_normals.png
ivory_r34\data\nissan_skyline_r34_badging_specular.png
ivory_r34\data\nissan_skyline_r34_cockpit_diffuse.png
ivory_r34\data\nissan_skyline_r34_cockpit_glow.png
ivory_r34\data\nissan_skyline_r34_cockpit_normals.png
ivory_r34\data\nissan_skyline_r34_cockpit_specular.png
ivory_r34\data\nissan_skyline_r34_display_diffuse.png
ivory_r34\data\nissan_skyline_r34_engine_diffuse.png
ivory_r34\data\nissan_skyline_r34_engine_specular.png
ivory_r34\data\nissan_skyline_r34_gauges_diffuse.png
ivory_r34\data\nissan_skyline_r34_gauges_glow.png
ivory_r34\data\nissan_skyline_r34_interior_diffuse.png
ivory_r34\data\nissan_skyline_r34_interior_glow.png
ivory_r34\data\nissan_skyline_r34_interior_specular.png
ivory_r34\data\nissan_skyline_r34_lights_damage.png
ivory_r34\data\nissan_skyline_r34_lights_diffuse.png
ivory_r34\data\nissan_skyline_r34_lights_glow.png
ivory_r34\data\nissan_skyline_r34_lights_specular.png
ivory_r34\data\nissan_skyline_r34_misc_diffuse.png
ivory_r34\data\nissan_skyline_r34_misc_specular.png
ivory_r34\data\nissan_skyline_r34_steeringwheel_diffuse.png
ivory_r34\data\nissan_skyline_r34_steeringwheel_normals.png
ivory_r34\data\nissan_skyline_r34_steeringwheel_specular.png
ivory_r34\data\nissan_skyline_r34_wheel_diffuse_00.png
ivory_r34\data\nissan_skyline_r34_wheel_diffuse_01.png
ivory_r34\data\nissan_skyline_r34_wheel_normals_00.png
ivory_r34\data\nissan_skyline_r34_wheel_specular_00.png
ivory_r34\data\nissan_skyline_r34_wheel_specular_01.png
ivory_r34\data\nissan_skyline_r34_windscreen_diffuse.png
ivory_r34\data\nissan_skyline_r34_windscreen_kit02_diffuse.png
ivory_r34\data\nissan_skyline_r34_windscreen_kit04_diffuse.png
ivory_r34\data\portrait_car_ca.png
ivory_r34\data\wanted.png
