ivory_lfa\data\body.tga
ivory_lfa\data\body copy.png
ivory_lfa\data\body.png
ivory_lfa\data\body_nohq.png
ivory_lfa\data\body_smdi.png
ivory_lfa\data\common_alcantara01_black_diffuse.png
ivory_lfa\data\common_alcantara01_lightgrey_diffuse.png
ivory_lfa\data\common_alcantara01_normals.png
ivory_lfa\data\common_alcantara_specular.png
ivory_lfa\data\common_black.png
ivory_lfa\data\common_carbon01_black02_aniso.png
ivory_lfa\data\common_carbon01_black02_diffuse.png
ivory_lfa\data\common_carbon01_black02_specular.png
ivory_lfa\data\common_carpet_grey01_diffuse.png
ivory_lfa\data\common_chassis_diffuse.png
ivory_lfa\data\common_defroster_diffuse.png
ivory_lfa\data\common_disk01_diffuse.png
ivory_lfa\data\common_disk01_diffuse_blur.png
ivory_lfa\data\common_disk_glow.png
ivory_lfa\data\common_gauge_glass_diffuse.png
ivory_lfa\data\common_glass01_diffuse.png
ivory_lfa\data\common_glass_cracks_01_normals.png
ivory_lfa\data\common_glass_inside_diffuse.png
ivory_lfa\data\common_leather02_darkgrey_diffuse.png
ivory_lfa\data\common_leather02_darkgrey_stitching2_black_diffuse.png
ivory_lfa\data\common_leather02_nero_diffuse.png
ivory_lfa\data\common_leather02_nero_stitching2_black_diffuse.png
ivory_lfa\data\common_leather02_normals.png
ivory_lfa\data\common_leather02_specular.png
ivory_lfa\data\common_leather02_stitching2_normals.png
ivory_lfa\data\common_leather02_stitching2_specular.png
ivory_lfa\data\common_lightflares.png
ivory_lfa\data\common_mfd_diffuse.png
ivory_lfa\data\common_mirror.png
ivory_lfa\data\common_normal_dummy.png
ivory_lfa\data\common_paint.png
ivory_lfa\data\common_paint_specular.png
ivory_lfa\data\common_plastic01_black02_diffuse.png
ivory_lfa\data\common_plastic_specular.png
ivory_lfa\data\common_tire_diffuse_00.png
ivory_lfa\data\common_tire_normals_00.png
ivory_lfa\data\common_tire_specular_01.png
ivory_lfa\data\common_tread_dust_00_diffuse.png
ivory_lfa\data\common_tread_stage0_diffuse_00.png
ivory_lfa\data\common_tread_stage0_diffuse_01.png
ivory_lfa\data\common_tread_stage0_normals_00.png
ivory_lfa\data\common_tread_stage0_normals_01.png
ivory_lfa\data\common_tread_stage0_specular_00.png
ivory_lfa\data\common_tread_stage0_specular_01.png
ivory_lfa\data\common_tyre_dust_00_diffuse.png
ivory_lfa\data\common_white.png
ivory_lfa\data\deuce.png
ivory_lfa\data\emerglights.png
ivory_lfa\data\emerglights_n.png
ivory_lfa\data\emerglights_nohq.png
ivory_lfa\data\generic_cockpit_upgrades01_diffuse.png
ivory_lfa\data\generic_cockpit_upgrades01_loda_diffuse.png
ivory_lfa\data\generic_cockpit_upgrades01_loda_specular.png
ivory_lfa\data\generic_cockpit_upgrades_specular.png
ivory_lfa\data\hud.png
ivory_lfa\data\interceptor.png
ivory_lfa\data\lexus_lfa_badges_diffuse.png
ivory_lfa\data\lexus_lfa_badges_normals.png
ivory_lfa\data\lexus_lfa_badges_specular.png
ivory_lfa\data\lexus_lfa_cockpit_diffuse.png
ivory_lfa\data\lexus_lfa_cockpit_glow.png
ivory_lfa\data\lexus_lfa_cockpit_normals.png
ivory_lfa\data\lexus_lfa_cockpit_specular.png
ivory_lfa\data\lexus_lfa_gauges_diffuse.png
ivory_lfa\data\lexus_lfa_gauges_glow.png
ivory_lfa\data\lexus_lfa_interior_diffuse.png
ivory_lfa\data\lexus_lfa_interior_glow.png
ivory_lfa\data\lexus_lfa_interior_specular.png
ivory_lfa\data\lexus_lfa_lightglass_diffuse.png
ivory_lfa\data\lexus_lfa_lightglass_specular.png
ivory_lfa\data\lexus_lfa_lights_damage.png
ivory_lfa\data\lexus_lfa_lights_diffuse.png
ivory_lfa\data\lexus_lfa_lights_glow.png
ivory_lfa\data\lexus_lfa_lights_specular.png
ivory_lfa\data\lexus_lfa_misc_diffuse.png
ivory_lfa\data\lexus_lfa_misc_specular.png
ivory_lfa\data\lexus_lfa_steeringwheel_diffuse.png
ivory_lfa\data\lexus_lfa_steeringwheel_glow.png
ivory_lfa\data\lexus_lfa_steeringwheel_normals.png
ivory_lfa\data\lexus_lfa_steeringwheel_specular.png
ivory_lfa\data\lexus_lfa_wheel_diffuse_00.png
ivory_lfa\data\lexus_lfa_wheel_diffuse_01.png
ivory_lfa\data\lexus_lfa_wheel_normals_00.png
ivory_lfa\data\lexus_lfa_wheel_specular_00.png
ivory_lfa\data\lexus_lfa_wheel_specular_01.png
ivory_lfa\data\lexus_lfa_windscreen_diffuse.png
ivory_lfa\data\lexus_lfa_windscreen_kit04_diffuse.png
ivory_lfa\data\map_car_ca.png
ivory_lfa\data\monty.png
ivory_lfa\data\neon.png
ivory_lfa\data\nyan.png
ivory_lfa\data\portrait_car_ca.png
ivory_lfa\data\sheriff.png
ivory_lfa\data\sheriff_ca.png
ivory_lfa\data\sports1.png
ivory_lfa\data\sports2.png
ivory_lfa\data\sports3.png
ivory_lfa\data\sports4.png
ivory_lfa\data\sports5.png
ivory_lfa\data\supreme.png
ivory_lfa\data\tokyo.png
ivory_lfa\data\woodland.png
ivory_lfa\data\wtf.png
ivory_lfa\data\wtf_ca.png
ivory_lfa\data\ivory_lfa.png
